---
source: app/tui/src/widgets/mod.test.rs
expression: output
---
 ╭─╮ ╭─╮  COCODE v0.1.1                                                                             
 │●│ │●│  deepseek/deepseek-v4-flash  *  auto                                                       
 ╰─╯ ╰─╯                                                                                            
                                                                                                    
⏺ ready                                                                                             
                                                                                                    
────────────────────────────────────────────────────────────────────────────────────────────────────
❯                                                                                                   
────────────────────────────────────────────────────────────────────────────────────────────────────
 deepseek/deepseek-v4-flash * auto * ctrl+t to cycle | ctx 14.0%/200.0K | Σ↑12.3K ↓16.5K | →0 ←1    
session ↑12.3K ↓16.5K · cache 10.7K/87.0%                                                           
 ⏯ manual mode on · shift+tab to cycle
