---
source: app/tui/src/widgets/mod.test.rs
assertion_line: 522
expression: output
---
 ╭─╮ ╭─╮  COCODE v0.1.1                                                         
 │●│ │●│  opus-4  *  auto                                                       
 ╰─╯ ╰─╯                                                                        
                                                                                
┌ Bash [HIGH] — PgUp/PgDn ⇅────────────────────────────────────────────────────┐
│Execute shell command                                                         │
│                                                                              │
│Actions:                                                                      │
│▸ 1/y · Yes, approve once ◂                                                   │
│  2/n · No, deny                                                              │
│↑/↓ Navigate  Enter Select  1-2 or Y/N shortcuts  ^r Deny with reason         │
└──────────────────────────────────────────────────────────────────────────────┘
────────────────────────────────────────────────────────────────────────────────
❯                                                                               
────────────────────────────────────────────────────────────────────────────────
 opus-4 * auto * ctrl+t to cycle | ctx -- | →0 ←0
