---
source: app/tui/src/widgets/mod.test.rs
assertion_line: 810
expression: output
---
 ╭─╮ ╭─╮  COCODE v0.1.1                                                                             
 │●│ │●│  opus-4  *  auto                                                                           
 ╰─╯ ╰─╯                                                                                            
                                                                                                    
────────────────────────────────────────────────────────────────────────────────────────────────────
  Subagents (0/2)                                                                                   
▸ ● Explore: Search for auth handlers                                                               
  ● Plan: Design refactor plan                                                                      
  Ctrl+B to run in background                                                                       
  Shift+↑ switch agent                                                                              
────────────────────────────────────────────────────────────────────────────────────────────────────
❯                                                                                                   
────────────────────────────────────────────────────────────────────────────────────────────────────
 opus-4 * auto * ctrl+t to cycle | ↑0 ↓0 · cache 0/0% | ctx -- | →0 ←0                              
 ⏯ ask mode on · shift+tab to cycle
