---
source: app/tui/src/widgets/mod.test.rs
expression: output
---
 ╭─╮ ╭─╮  COCODE v0.1.1                                                         
 │●│ │●│  opus-4  *  auto                                                       
 ╰─╯ ╰─╯                                                                        
                                                                                
────────────────────────────────────────────────────────────────────────────────
❯ /c                                                                            
────────────────────────────────────────────────────────────────────────────────
▸   /clear    Clear conversation                                                
    /compact  Compact conversation
