---
source: app/tui/src/widgets/mod.test.rs
expression: output
---
 ╭─╮ ╭─╮  COCODE v0.1.1                                                         
 │●│ │●│  opus-4  *  auto                                                       
 ╰─╯ ╰─╯                                                                        
                                                                                
❯ Plan the implementation                                                       
                                                                                
────────────────────────────────────────────────────────────────────────────────
❯                                                                               
────────────────────────────────────────────────────────────────────────────────
 opus-4 * auto * ctrl+t to cycle | ↑0 ↓0 · cache 0/0% | ctx -- | →1 ←0          
 ⏸ plan mode on · shift+tab to cycle
