---
source: app/tui/src/presentation/model_picker.test.rs
expression: "render_snapshot(50, 20, &state)"
---
┌ /model — Select model ─────────────────────────┐
│ Role:  ▸Main◂   Fast    Plan    Explore    Rev │
│                                                │
│ ⌕ Type to search models by name or provider…   │
│                                                │
│ Anthropic                                      │
│   ❯ Claude Sonnet 4.6 · 200K · thinking  [curr │
│     Claude Haiku · 200K                        │
│                                                │
│ Google                                         │
│     Gemini 2.5 Pro · 200K                      │
│                                                │
│ Thinking:  ▸auto◂   medium    high             │
│                                                │
│ ↑/↓ Model  ←/→ Effort  Tab Role  Enter Confirm │
└────────────────────────────────────────────────┘
