---
source: tui-mermaid/src/lib.test.rs
expression: joined
---
   ╭Core group─────────────────────────────────────────────────────────────────────────╮
   │    ╭────────────────────────────────╮      ╭─────────────────────────────────╮    │
   │    │                                │      │                                 │    │
   │    │                                │      │                                 │    │
   │    │                                │      │                                 │    │
   │    │                                │      │                                 │    │
   │    │             Alice              │      │               Bob               │    │
   │    │                                │      │                                 │    │
   │    │                                │      │                                 │    │
   │    │                                │      │                                 │    │
   │    │                                │      │                                 │    │
   │    ╰────────────────────────────────╯      ╰─────────────────────────────────╯    │
   │                     │                                        │                    │
   │                     │                                        │                    │
   │╭────────────────────┼────────────────────────────────────────┼───────────────────╮│
   ││                    │                                        │                   ││
   ││          alt       │                                        │                   ││
   ││                    │                                        │                   ││
   ││                    │                                        │                   ││
   ││                    │                         [accepted]     │                   ││
   ││                    │                                        │                   ││
   ││                    │                                        │                   ││
   ││                    │      1.                                │                   ││
   ││                    │                                        │                   ││
   ││                    │                     Ping               │                   ││
   ││                    ┼────────────────────────────────────────→                   ││
   ││                [rejected]                                   │                   ││
   │┼────────────────────┼────────────────────────────────────────┼───────────────────┼┼
   ││                    │                                        │                   ││
   ││                    │                                        │                   ││
   ││                    │                                        │                   ││
   ││                    │                                        │                   ││
   ││                    │                                        │                   ││
   ││                    │                                        │                   ││
   ││                    │                                        │                   ││
   ││                    │                                        │                   ││
   ││                    │                                 2.     │                   ││
   ││                    │                                        │                   ││
   ││                    │                 Pong                   │                   ││
   ││                    ←────────────────────────────────────────┼                   ││
   │╰────────────────────┼────────────────────────────────────────┼───────────────────╯│
   │                     │                                        │                    │
   │    ╭────────────────┼───────────────╮      ╭─────────────────┼───────────────╮    │
   │    │                                │      │                                 │    │
   │    │                                │      │                                 │    │
   │    │                                │      │                                 │    │
   │    │                                │      │                                 │    │
   │    │             Alice              │      │               Bob               │    │
   │    │                                │      │                                 │    │
   │    │                                │      │                                 │    │
   │    │                                │      │                                 │    │
   │    │                                │      │                                 │    │
   │    ╰────────────────────────────────╯      ╰─────────────────────────────────╯    │
   │                                                                                   │
   ╰───────────────────────────────────────────────────────────────────────────────────╯
