---
source: hub/protocol/tests/wire_format.rs
expression: json
---
{
  "kind": "batch",
  "events": [
    {
      "instanceId": "00000000-0000-0000-0000-000000000000",
      "sessionId": "sess-1",
      "seq": 7,
      "ts": "2024-01-01T00:00:00Z",
      "schemaVersion": 1,
      "payload": {
        "kind": "tool_use_completed",
        "value": {
          "call_id": "c1",
          "is_error": false
        }
      }
    }
  ]
}
